// Jest Snapshot v1, https://goo.gl/fbAQLP

exports[`<Workflow /> should match snapshot 1`] = `
<DocumentFragment>
  <section>
    <section
      class="makeStyles-inProgressContainer-9"
    >
      <div
        class="MuiCircularProgress-root MuiCircularProgress-colorPrimary MuiCircularProgress-indeterminate"
        role="progressbar"
        style="width: 25px; height: 25px;"
      >
        <svg
          class="MuiCircularProgress-svg"
          viewBox="22 22 44 44"
        >
          <circle
            class="MuiCircularProgress-circle MuiCircularProgress-circleIndeterminate"
            cx="44"
            cy="44"
            fill="none"
            r="20.2"
            stroke-width="3.6"
          />
        </svg>
      </div>
      <p
        class="MuiTypography-root makeStyles-inProgressMessage-10 MuiTypography-body2"
      >
        Workflow in progress
      </p>
    </section>
  </section>
</DocumentFragment>
`;
