// Jest Snapshot v1, https://goo.gl/fbAQLP

exports[`<TaskCurrencyField /> should match snapshot 1`] = `
<DocumentFragment>
  <div
    class="MuiFormControl-root MuiTextField-root"
  >
    <div
      class="MuiInputBase-root MuiFilledInput-root MuiFilledInput-underline MuiInputBase-formControl MuiInputBase-adornedStart MuiFilledInput-adornedStart"
    >
      <div
        class="MuiInputAdornment-root MuiInputAdornment-filled MuiInputAdornment-positionStart"
      >
        <p
          class="MuiTypography-root MuiTypography-body1 MuiTypography-colorTextSecondary"
        >
          $
        </p>
      </div>
      <input
        aria-invalid="false"
        class="MuiInputBase-input MuiFilledInput-input MuiInputBase-inputAdornedStart MuiFilledInput-inputAdornedStart"
        name="field"
        type="text"
        value=""
      />
    </div>
  </div>
</DocumentFragment>
`;
